// Jest Snapshot v1, https://goo.gl/fbAQLP

exports[`List.pagination renders pagination correctly 1`] = `
<div
  class="ant-list ant-list-vertical ant-list-split ant-list-something-after-last-item"
>
  <div
    class="ant-spin-nested-loading"
  >
    <div
      class="ant-spin-container"
    >
      <div
        class="ant-list-item"
      >
        <div
          class="ant-list-item-content ant-list-item-content-single"
        >
          Jack
        </div>
      </div>
      <div
        class="ant-list-item"
      >
        <div
          class="ant-list-item-content ant-list-item-content-single"
        >
          Lucy
        </div>
      </div>
    </div>
  </div>
  <div
    class="ant-list-pagination"
  >
    <ul
      class="ant-pagination my-page"
      unselectable="unselectable"
    >
      <li
        aria-disabled="true"
        class="ant-pagination-disabled ant-pagination-prev"
        title="Previous Page"
      >
        <a
          class="ant-pagination-item-link"
        >
          <i
            class="anticon anticon-left"
          >
            <svg
              aria-hidden="true"
              class=""
              data-icon="left"
              fill="currentColor"
              height="1em"
              viewBox="0 0 1024 1024"
              width="1em"
            >
              <path
                d="M724.4 895.7c-9.6 0-19.3-3.2-27.4-9.6L273.2 545.2c-10.3-8.3-16.3-20.8-16.3-34.1 0-13.2 6-25.8 16.3-34l422-339.1c18.8-15.1 46.3-12.1 61.4 6.7 15.1 18.8 12.1 46.3-6.7 61.4l-379.6 305L751.8 818c18.8 15.1 21.8 42.6 6.7 61.4-8.7 10.7-21.3 16.3-34.1 16.3z"
              />
            </svg>
          </i>
        </a>
      </li>
      <li
        class="ant-pagination-item ant-pagination-item-1 ant-pagination-item-active"
        tabindex="0"
        title="1"
      >
        <a>
          1
        </a>
      </li>
      <li
        class="ant-pagination-item ant-pagination-item-2"
        tabindex="0"
        title="2"
      >
        <a>
          2
        </a>
      </li>
      <li
        aria-disabled="false"
        class=" ant-pagination-next"
        tabindex="0"
        title="Next Page"
      >
        <a
          class="ant-pagination-item-link"
        >
          <i
            class="anticon anticon-right"
          >
            <svg
              aria-hidden="true"
              class=""
              data-icon="right"
              fill="currentColor"
              height="1em"
              viewBox="0 0 1024 1024"
              width="1em"
            >
              <path
                d="M300.6 895.7c9.6 0 19.3-3.2 27.4-9.6l423.8-340.9c10.3-8.3 16.3-20.8 16.3-34.1 0-13.2-6-25.8-16.3-34L329.8 138c-18.8-15.1-46.3-12.1-61.4 6.7-15.1 18.8-12.1 46.3 6.7 61.4l379.6 305.1L273.2 818c-18.8 15.1-21.8 42.6-6.7 61.4 8.7 10.7 21.3 16.3 34.1 16.3z"
              />
            </svg>
          </i>
        </a>
      </li>
    </ul>
  </div>
</div>
`;
