// Jest Snapshot v1, https://goo.gl/fbAQLP

exports[`renders components/notification/demo/basic.tsx extend context correctly 1`] = `
<button
  class="ant-btn ant-btn-primary"
  type="button"
>
  <span>
    Open the notification box
  </span>
</button>
`;

exports[`renders components/notification/demo/custom-icon.tsx extend context correctly 1`] = `
<button
  class="ant-btn ant-btn-primary"
  type="button"
>
  <span>
    Open the notification box
  </span>
</button>
`;

exports[`renders components/notification/demo/custom-style.tsx extend context correctly 1`] = `
<button
  class="ant-btn ant-btn-primary"
  type="button"
>
  <span>
    Open the notification box
  </span>
</button>
`;

exports[`renders components/notification/demo/duration.tsx extend context correctly 1`] = `
<button
  class="ant-btn ant-btn-primary"
  type="button"
>
  <span>
    Open the notification box
  </span>
</button>
`;

exports[`renders components/notification/demo/hooks.tsx extend context correctly 1`] = `
Array [
  <div
    class="ant-space ant-space-horizontal ant-space-align-center"
  >
    <div
      class="ant-space-item"
      style="margin-right: 8px;"
    >
      <button
        class="ant-btn ant-btn-primary"
        type="button"
      >
        <span
          aria-label="radius-upleft"
          class="anticon anticon-radius-upleft"
          role="img"
        >
          <svg
            aria-hidden="true"
            data-icon="radius-upleft"
            fill="currentColor"
            focusable="false"
            height="1em"
            viewBox="64 64 896 896"
            width="1em"
          >
            <path
              d="M656 200h56c4.4 0 8-3.6 8-8v-56c0-4.4-3.6-8-8-8h-56c-4.4 0-8 3.6-8 8v56c0 4.4 3.6 8 8 8zm58 624h-56c-4.4 0-8 3.6-8 8v56c0 4.4 3.6 8 8 8h56c4.4 0 8-3.6 8-8v-56c0-4.4-3.6-8-8-8zM192 650h-56c-4.4 0-8 3.6-8 8v56c0 4.4 3.6 8 8 8h56c4.4 0 8-3.6 8-8v-56c0-4.4-3.6-8-8-8zm0 174h-56c-4.4 0-8 3.6-8 8v56c0 4.4 3.6 8 8 8h56c4.4 0 8-3.6 8-8v-56c0-4.4-3.6-8-8-8zm696-696h-56c-4.4 0-8 3.6-8 8v56c0 4.4 3.6 8 8 8h56c4.4 0 8-3.6 8-8v-56c0-4.4-3.6-8-8-8zm0 174h-56c-4.4 0-8 3.6-8 8v56c0 4.4 3.6 8 8 8h56c4.4 0 8-3.6 8-8v-56c0-4.4-3.6-8-8-8zm0 174h-56c-4.4 0-8 3.6-8 8v56c0 4.4 3.6 8 8 8h56c4.4 0 8-3.6 8-8v-56c0-4.4-3.6-8-8-8zm0 174h-56c-4.4 0-8 3.6-8 8v56c0 4.4 3.6 8 8 8h56c4.4 0 8-3.6 8-8v-56c0-4.4-3.6-8-8-8zm0 174h-56c-4.4 0-8 3.6-8 8v56c0 4.4 3.6 8 8 8h56c4.4 0 8-3.6 8-8v-56c0-4.4-3.6-8-8-8zm-348 0h-56c-4.4 0-8 3.6-8 8v56c0 4.4 3.6 8 8 8h56c4.4 0 8-3.6 8-8v-56c0-4.4-3.6-8-8-8zm-174 0h-56c-4.4 0-8 3.6-8 8v56c0 4.4 3.6 8 8 8h56c4.4 0 8-3.6 8-8v-56c0-4.4-3.6-8-8-8zm174-696H358c-127 0-230 103-230 230v182c0 4.4 3.6 8 8 8h56c4.4 0 8-3.6 8-8V358c0-87.3 70.7-158 158-158h182c4.4 0 8-3.6 8-8v-56c0-4.4-3.6-8-8-8z"
            />
          </svg>
        </span>
        <span>
          topLeft
        </span>
      </button>
    </div>
    <div
      class="ant-space-item"
    >
      <button
        class="ant-btn ant-btn-primary"
        type="button"
      >
        <span
          aria-label="radius-upright"
          class="anticon anticon-radius-upright"
          role="img"
        >
          <svg
            aria-hidden="true"
            data-icon="radius-upright"
            fill="currentColor"
            focusable="false"
            height="1em"
            viewBox="64 64 896 896"
            width="1em"
          >
            <path
              d="M368 128h-56c-4.4 0-8 3.6-8 8v56c0 4.4 3.6 8 8 8h56c4.4 0 8-3.6 8-8v-56c0-4.4-3.6-8-8-8zm-2 696h-56c-4.4 0-8 3.6-8 8v56c0 4.4 3.6 8 8 8h56c4.4 0 8-3.6 8-8v-56c0-4.4-3.6-8-8-8zm522-174h-56c-4.4 0-8 3.6-8 8v56c0 4.4 3.6 8 8 8h56c4.4 0 8-3.6 8-8v-56c0-4.4-3.6-8-8-8zm0 174h-56c-4.4 0-8 3.6-8 8v56c0 4.4 3.6 8 8 8h56c4.4 0 8-3.6 8-8v-56c0-4.4-3.6-8-8-8zM192 128h-56c-4.4 0-8 3.6-8 8v56c0 4.4 3.6 8 8 8h56c4.4 0 8-3.6 8-8v-56c0-4.4-3.6-8-8-8zm0 174h-56c-4.4 0-8 3.6-8 8v56c0 4.4 3.6 8 8 8h56c4.4 0 8-3.6 8-8v-56c0-4.4-3.6-8-8-8zm0 174h-56c-4.4 0-8 3.6-8 8v56c0 4.4 3.6 8 8 8h56c4.4 0 8-3.6 8-8v-56c0-4.4-3.6-8-8-8zm0 174h-56c-4.4 0-8 3.6-8 8v56c0 4.4 3.6 8 8 8h56c4.4 0 8-3.6 8-8v-56c0-4.4-3.6-8-8-8zm0 174h-56c-4.4 0-8 3.6-8 8v56c0 4.4 3.6 8 8 8h56c4.4 0 8-3.6 8-8v-56c0-4.4-3.6-8-8-8zm348 0h-56c-4.4 0-8 3.6-8 8v56c0 4.4 3.6 8 8 8h56c4.4 0 8-3.6 8-8v-56c0-4.4-3.6-8-8-8zm174 0h-56c-4.4 0-8 3.6-8 8v56c0 4.4 3.6 8 8 8h56c4.4 0 8-3.6 8-8v-56c0-4.4-3.6-8-8-8zm-48-696H484c-4.4 0-8 3.6-8 8v56c0 4.4 3.6 8 8 8h182c87.3 0 158 70.7 158 158v182c0 4.4 3.6 8 8 8h56c4.4 0 8-3.6 8-8V358c0-127-103-230-230-230z"
            />
          </svg>
        </span>
        <span>
          topRight
        </span>
      </button>
    </div>
  </div>,
  <div
    class="ant-divider ant-divider-horizontal"
    role="separator"
  />,
  <div
    class="ant-space ant-space-horizontal ant-space-align-center"
  >
    <div
      class="ant-space-item"
      style="margin-right: 8px;"
    >
      <button
        class="ant-btn ant-btn-primary"
        type="button"
      >
        <span
          aria-label="radius-bottomleft"
          class="anticon anticon-radius-bottomleft"
          role="img"
        >
          <svg
            aria-hidden="true"
            data-icon="radius-bottomleft"
            fill="currentColor"
            focusable="false"
            height="1em"
            viewBox="64 64 896 896"
            width="1em"
          >
            <path
              d="M712 824h-56c-4.4 0-8 3.6-8 8v56c0 4.4 3.6 8 8 8h56c4.4 0 8-3.6 8-8v-56c0-4.4-3.6-8-8-8zm2-696h-56c-4.4 0-8 3.6-8 8v56c0 4.4 3.6 8 8 8h56c4.4 0 8-3.6 8-8v-56c0-4.4-3.6-8-8-8zM136 374h56c4.4 0 8-3.6 8-8v-56c0-4.4-3.6-8-8-8h-56c-4.4 0-8 3.6-8 8v56c0 4.4 3.6 8 8 8zm0-174h56c4.4 0 8-3.6 8-8v-56c0-4.4-3.6-8-8-8h-56c-4.4 0-8 3.6-8 8v56c0 4.4 3.6 8 8 8zm752 624h-56c-4.4 0-8 3.6-8 8v56c0 4.4 3.6 8 8 8h56c4.4 0 8-3.6 8-8v-56c0-4.4-3.6-8-8-8zm0-174h-56c-4.4 0-8 3.6-8 8v56c0 4.4 3.6 8 8 8h56c4.4 0 8-3.6 8-8v-56c0-4.4-3.6-8-8-8zm0-174h-56c-4.4 0-8 3.6-8 8v56c0 4.4 3.6 8 8 8h56c4.4 0 8-3.6 8-8v-56c0-4.4-3.6-8-8-8zm0-174h-56c-4.4 0-8 3.6-8 8v56c0 4.4 3.6 8 8 8h56c4.4 0 8-3.6 8-8v-56c0-4.4-3.6-8-8-8zm0-174h-56c-4.4 0-8 3.6-8 8v56c0 4.4 3.6 8 8 8h56c4.4 0 8-3.6 8-8v-56c0-4.4-3.6-8-8-8zm-348 0h-56c-4.4 0-8 3.6-8 8v56c0 4.4 3.6 8 8 8h56c4.4 0 8-3.6 8-8v-56c0-4.4-3.6-8-8-8zm-230 72h56c4.4 0 8-3.6 8-8v-56c0-4.4-3.6-8-8-8h-56c-4.4 0-8 3.6-8 8v56c0 4.4 3.6 8 8 8zm230 624H358c-87.3 0-158-70.7-158-158V484c0-4.4-3.6-8-8-8h-56c-4.4 0-8 3.6-8 8v182c0 127 103 230 230 230h182c4.4 0 8-3.6 8-8v-56c0-4.4-3.6-8-8-8z"
            />
          </svg>
        </span>
        <span>
          bottomLeft
        </span>
      </button>
    </div>
    <div
      class="ant-space-item"
    >
      <button
        class="ant-btn ant-btn-primary"
        type="button"
      >
        <span
          aria-label="radius-bottomright"
          class="anticon anticon-radius-bottomright"
          role="img"
        >
          <svg
            aria-hidden="true"
            data-icon="radius-bottomright"
            fill="currentColor"
            focusable="false"
            height="1em"
            viewBox="64 64 896 896"
            width="1em"
          >
            <path
              d="M368 824h-56c-4.4 0-8 3.6-8 8v56c0 4.4 3.6 8 8 8h56c4.4 0 8-3.6 8-8v-56c0-4.4-3.6-8-8-8zm-58-624h56c4.4 0 8-3.6 8-8v-56c0-4.4-3.6-8-8-8h-56c-4.4 0-8 3.6-8 8v56c0 4.4 3.6 8 8 8zm578 102h-56c-4.4 0-8 3.6-8 8v56c0 4.4 3.6 8 8 8h56c4.4 0 8-3.6 8-8v-56c0-4.4-3.6-8-8-8zm0-174h-56c-4.4 0-8 3.6-8 8v56c0 4.4 3.6 8 8 8h56c4.4 0 8-3.6 8-8v-56c0-4.4-3.6-8-8-8zM192 824h-56c-4.4 0-8 3.6-8 8v56c0 4.4 3.6 8 8 8h56c4.4 0 8-3.6 8-8v-56c0-4.4-3.6-8-8-8zm0-174h-56c-4.4 0-8 3.6-8 8v56c0 4.4 3.6 8 8 8h56c4.4 0 8-3.6 8-8v-56c0-4.4-3.6-8-8-8zm0-174h-56c-4.4 0-8 3.6-8 8v56c0 4.4 3.6 8 8 8h56c4.4 0 8-3.6 8-8v-56c0-4.4-3.6-8-8-8zm0-174h-56c-4.4 0-8 3.6-8 8v56c0 4.4 3.6 8 8 8h56c4.4 0 8-3.6 8-8v-56c0-4.4-3.6-8-8-8zm0-174h-56c-4.4 0-8 3.6-8 8v56c0 4.4 3.6 8 8 8h56c4.4 0 8-3.6 8-8v-56c0-4.4-3.6-8-8-8zm292 72h56c4.4 0 8-3.6 8-8v-56c0-4.4-3.6-8-8-8h-56c-4.4 0-8 3.6-8 8v56c0 4.4 3.6 8 8 8zm174 0h56c4.4 0 8-3.6 8-8v-56c0-4.4-3.6-8-8-8h-56c-4.4 0-8 3.6-8 8v56c0 4.4 3.6 8 8 8zm230 276h-56c-4.4 0-8 3.6-8 8v182c0 87.3-70.7 158-158 158H484c-4.4 0-8 3.6-8 8v56c0 4.4 3.6 8 8 8h182c127 0 230-103 230-230V484c0-4.4-3.6-8-8-8z"
            />
          </svg>
        </span>
        <span>
          bottomRight
        </span>
      </button>
    </div>
  </div>,
]
`;

exports[`renders components/notification/demo/placement.tsx extend context correctly 1`] = `
Array [
  <div
    class="ant-space ant-space-horizontal ant-space-align-center"
  >
    <div
      class="ant-space-item"
      style="margin-right: 8px;"
    >
      <button
        class="ant-btn ant-btn-primary"
        type="button"
      >
        <span
          aria-label="border-top"
          class="anticon anticon-border-top"
          role="img"
        >
          <svg
            aria-hidden="true"
            data-icon="border-top"
            fill="currentColor"
            focusable="false"
            height="1em"
            viewBox="64 64 896 896"
            width="1em"
          >
            <path
              d="M872 144H152c-4.4 0-8 3.6-8 8v56c0 4.4 3.6 8 8 8h720c4.4 0 8-3.6 8-8v-56c0-4.4-3.6-8-8-8zM208 310h-56c-4.4 0-8 3.6-8 8v56c0 4.4 3.6 8 8 8h56c4.4 0 8-3.6 8-8v-56c0-4.4-3.6-8-8-8zm0 498h-56c-4.4 0-8 3.6-8 8v56c0 4.4 3.6 8 8 8h56c4.4 0 8-3.6 8-8v-56c0-4.4-3.6-8-8-8zm0-332h-56c-4.4 0-8 3.6-8 8v56c0 4.4 3.6 8 8 8h56c4.4 0 8-3.6 8-8v-56c0-4.4-3.6-8-8-8zm0 166h-56c-4.4 0-8 3.6-8 8v56c0 4.4 3.6 8 8 8h56c4.4 0 8-3.6 8-8v-56c0-4.4-3.6-8-8-8zm166-166h-56c-4.4 0-8 3.6-8 8v56c0 4.4 3.6 8 8 8h56c4.4 0 8-3.6 8-8v-56c0-4.4-3.6-8-8-8zm0 332h-56c-4.4 0-8 3.6-8 8v56c0 4.4 3.6 8 8 8h56c4.4 0 8-3.6 8-8v-56c0-4.4-3.6-8-8-8zm332 0h-56c-4.4 0-8 3.6-8 8v56c0 4.4 3.6 8 8 8h56c4.4 0 8-3.6 8-8v-56c0-4.4-3.6-8-8-8zm0-332h-56c-4.4 0-8 3.6-8 8v56c0 4.4 3.6 8 8 8h56c4.4 0 8-3.6 8-8v-56c0-4.4-3.6-8-8-8zm166 0h-56c-4.4 0-8 3.6-8 8v56c0 4.4 3.6 8 8 8h56c4.4 0 8-3.6 8-8v-56c0-4.4-3.6-8-8-8zm-332 0h-56c-4.4 0-8 3.6-8 8v56c0 4.4 3.6 8 8 8h56c4.4 0 8-3.6 8-8v-56c0-4.4-3.6-8-8-8zm332 332h-56c-4.4 0-8 3.6-8 8v56c0 4.4 3.6 8 8 8h56c4.4 0 8-3.6 8-8v-56c0-4.4-3.6-8-8-8zm-332 0h-56c-4.4 0-8 3.6-8 8v56c0 4.4 3.6 8 8 8h56c4.4 0 8-3.6 8-8v-56c0-4.4-3.6-8-8-8zm332-498h-56c-4.4 0-8 3.6-8 8v56c0 4.4 3.6 8 8 8h56c4.4 0 8-3.6 8-8v-56c0-4.4-3.6-8-8-8zm-332 0h-56c-4.4 0-8 3.6-8 8v56c0 4.4 3.6 8 8 8h56c4.4 0 8-3.6 8-8v-56c0-4.4-3.6-8-8-8zm332 332h-56c-4.4 0-8 3.6-8 8v56c0 4.4 3.6 8 8 8h56c4.4 0 8-3.6 8-8v-56c0-4.4-3.6-8-8-8zm-332 0h-56c-4.4 0-8 3.6-8 8v56c0 4.4 3.6 8 8 8h56c4.4 0 8-3.6 8-8v-56c0-4.4-3.6-8-8-8z"
            />
          </svg>
        </span>
        <span>
          top
        </span>
      </button>
    </div>
    <div
      class="ant-space-item"
    >
      <button
        class="ant-btn ant-btn-primary"
        type="button"
      >
        <span
          aria-label="border-bottom"
          class="anticon anticon-border-bottom"
          role="img"
        >
          <svg
            aria-hidden="true"
            data-icon="border-bottom"
            fill="currentColor"
            focusable="false"
            height="1em"
            viewBox="64 64 896 896"
            width="1em"
          >
            <path
              d="M872 808H152c-4.4 0-8 3.6-8 8v56c0 4.4 3.6 8 8 8h720c4.4 0 8-3.6 8-8v-56c0-4.4-3.6-8-8-8zm-720-94h56c4.4 0 8-3.6 8-8v-56c0-4.4-3.6-8-8-8h-56c-4.4 0-8 3.6-8 8v56c0 4.4 3.6 8 8 8zm0-498h56c4.4 0 8-3.6 8-8v-56c0-4.4-3.6-8-8-8h-56c-4.4 0-8 3.6-8 8v56c0 4.4 3.6 8 8 8zm0 332h56c4.4 0 8-3.6 8-8v-56c0-4.4-3.6-8-8-8h-56c-4.4 0-8 3.6-8 8v56c0 4.4 3.6 8 8 8zm0-166h56c4.4 0 8-3.6 8-8v-56c0-4.4-3.6-8-8-8h-56c-4.4 0-8 3.6-8 8v56c0 4.4 3.6 8 8 8zm166 166h56c4.4 0 8-3.6 8-8v-56c0-4.4-3.6-8-8-8h-56c-4.4 0-8 3.6-8 8v56c0 4.4 3.6 8 8 8zm0-332h56c4.4 0 8-3.6 8-8v-56c0-4.4-3.6-8-8-8h-56c-4.4 0-8 3.6-8 8v56c0 4.4 3.6 8 8 8zm332 0h56c4.4 0 8-3.6 8-8v-56c0-4.4-3.6-8-8-8h-56c-4.4 0-8 3.6-8 8v56c0 4.4 3.6 8 8 8zm0 332h56c4.4 0 8-3.6 8-8v-56c0-4.4-3.6-8-8-8h-56c-4.4 0-8 3.6-8 8v56c0 4.4 3.6 8 8 8zm222-72h-56c-4.4 0-8 3.6-8 8v56c0 4.4 3.6 8 8 8h56c4.4 0 8-3.6 8-8v-56c0-4.4-3.6-8-8-8zm-388 72h56c4.4 0 8-3.6 8-8v-56c0-4.4-3.6-8-8-8h-56c-4.4 0-8 3.6-8 8v56c0 4.4 3.6 8 8 8zm388-404h-56c-4.4 0-8 3.6-8 8v56c0 4.4 3.6 8 8 8h56c4.4 0 8-3.6 8-8v-56c0-4.4-3.6-8-8-8zm-388 72h56c4.4 0 8-3.6 8-8v-56c0-4.4-3.6-8-8-8h-56c-4.4 0-8 3.6-8 8v56c0 4.4 3.6 8 8 8zm388 426h-56c-4.4 0-8 3.6-8 8v56c0 4.4 3.6 8 8 8h56c4.4 0 8-3.6 8-8v-56c0-4.4-3.6-8-8-8zm-388 72h56c4.4 0 8-3.6 8-8v-56c0-4.4-3.6-8-8-8h-56c-4.4 0-8 3.6-8 8v56c0 4.4 3.6 8 8 8zm388-404h-56c-4.4 0-8 3.6-8 8v56c0 4.4 3.6 8 8 8h56c4.4 0 8-3.6 8-8v-56c0-4.4-3.6-8-8-8zm-388 72h56c4.4 0 8-3.6 8-8v-56c0-4.4-3.6-8-8-8h-56c-4.4 0-8 3.6-8 8v56c0 4.4 3.6 8 8 8z"
            />
          </svg>
        </span>
        <span>
          bottom
        </span>
      </button>
    </div>
  </div>,
  <div
    class="ant-divider ant-divider-horizontal"
    role="separator"
  />,
  <div
    class="ant-space ant-space-horizontal ant-space-align-center"
  >
    <div
      class="ant-space-item"
      style="margin-right: 8px;"
    >
      <button
        class="ant-btn ant-btn-primary"
        type="button"
      >
        <span
          aria-label="radius-upleft"
          class="anticon anticon-radius-upleft"
          role="img"
        >
          <svg
            aria-hidden="true"
            data-icon="radius-upleft"
            fill="currentColor"
            focusable="false"
            height="1em"
            viewBox="64 64 896 896"
            width="1em"
          >
            <path
              d="M656 200h56c4.4 0 8-3.6 8-8v-56c0-4.4-3.6-8-8-8h-56c-4.4 0-8 3.6-8 8v56c0 4.4 3.6 8 8 8zm58 624h-56c-4.4 0-8 3.6-8 8v56c0 4.4 3.6 8 8 8h56c4.4 0 8-3.6 8-8v-56c0-4.4-3.6-8-8-8zM192 650h-56c-4.4 0-8 3.6-8 8v56c0 4.4 3.6 8 8 8h56c4.4 0 8-3.6 8-8v-56c0-4.4-3.6-8-8-8zm0 174h-56c-4.4 0-8 3.6-8 8v56c0 4.4 3.6 8 8 8h56c4.4 0 8-3.6 8-8v-56c0-4.4-3.6-8-8-8zm696-696h-56c-4.4 0-8 3.6-8 8v56c0 4.4 3.6 8 8 8h56c4.4 0 8-3.6 8-8v-56c0-4.4-3.6-8-8-8zm0 174h-56c-4.4 0-8 3.6-8 8v56c0 4.4 3.6 8 8 8h56c4.4 0 8-3.6 8-8v-56c0-4.4-3.6-8-8-8zm0 174h-56c-4.4 0-8 3.6-8 8v56c0 4.4 3.6 8 8 8h56c4.4 0 8-3.6 8-8v-56c0-4.4-3.6-8-8-8zm0 174h-56c-4.4 0-8 3.6-8 8v56c0 4.4 3.6 8 8 8h56c4.4 0 8-3.6 8-8v-56c0-4.4-3.6-8-8-8zm0 174h-56c-4.4 0-8 3.6-8 8v56c0 4.4 3.6 8 8 8h56c4.4 0 8-3.6 8-8v-56c0-4.4-3.6-8-8-8zm-348 0h-56c-4.4 0-8 3.6-8 8v56c0 4.4 3.6 8 8 8h56c4.4 0 8-3.6 8-8v-56c0-4.4-3.6-8-8-8zm-174 0h-56c-4.4 0-8 3.6-8 8v56c0 4.4 3.6 8 8 8h56c4.4 0 8-3.6 8-8v-56c0-4.4-3.6-8-8-8zm174-696H358c-127 0-230 103-230 230v182c0 4.4 3.6 8 8 8h56c4.4 0 8-3.6 8-8V358c0-87.3 70.7-158 158-158h182c4.4 0 8-3.6 8-8v-56c0-4.4-3.6-8-8-8z"
            />
          </svg>
        </span>
        <span>
          topLeft
        </span>
      </button>
    </div>
    <div
      class="ant-space-item"
    >
      <button
        class="ant-btn ant-btn-primary"
        type="button"
      >
        <span
          aria-label="radius-upright"
          class="anticon anticon-radius-upright"
          role="img"
        >
          <svg
            aria-hidden="true"
            data-icon="radius-upright"
            fill="currentColor"
            focusable="false"
            height="1em"
            viewBox="64 64 896 896"
            width="1em"
          >
            <path
              d="M368 128h-56c-4.4 0-8 3.6-8 8v56c0 4.4 3.6 8 8 8h56c4.4 0 8-3.6 8-8v-56c0-4.4-3.6-8-8-8zm-2 696h-56c-4.4 0-8 3.6-8 8v56c0 4.4 3.6 8 8 8h56c4.4 0 8-3.6 8-8v-56c0-4.4-3.6-8-8-8zm522-174h-56c-4.4 0-8 3.6-8 8v56c0 4.4 3.6 8 8 8h56c4.4 0 8-3.6 8-8v-56c0-4.4-3.6-8-8-8zm0 174h-56c-4.4 0-8 3.6-8 8v56c0 4.4 3.6 8 8 8h56c4.4 0 8-3.6 8-8v-56c0-4.4-3.6-8-8-8zM192 128h-56c-4.4 0-8 3.6-8 8v56c0 4.4 3.6 8 8 8h56c4.4 0 8-3.6 8-8v-56c0-4.4-3.6-8-8-8zm0 174h-56c-4.4 0-8 3.6-8 8v56c0 4.4 3.6 8 8 8h56c4.4 0 8-3.6 8-8v-56c0-4.4-3.6-8-8-8zm0 174h-56c-4.4 0-8 3.6-8 8v56c0 4.4 3.6 8 8 8h56c4.4 0 8-3.6 8-8v-56c0-4.4-3.6-8-8-8zm0 174h-56c-4.4 0-8 3.6-8 8v56c0 4.4 3.6 8 8 8h56c4.4 0 8-3.6 8-8v-56c0-4.4-3.6-8-8-8zm0 174h-56c-4.4 0-8 3.6-8 8v56c0 4.4 3.6 8 8 8h56c4.4 0 8-3.6 8-8v-56c0-4.4-3.6-8-8-8zm348 0h-56c-4.4 0-8 3.6-8 8v56c0 4.4 3.6 8 8 8h56c4.4 0 8-3.6 8-8v-56c0-4.4-3.6-8-8-8zm174 0h-56c-4.4 0-8 3.6-8 8v56c0 4.4 3.6 8 8 8h56c4.4 0 8-3.6 8-8v-56c0-4.4-3.6-8-8-8zm-48-696H484c-4.4 0-8 3.6-8 8v56c0 4.4 3.6 8 8 8h182c87.3 0 158 70.7 158 158v182c0 4.4 3.6 8 8 8h56c4.4 0 8-3.6 8-8V358c0-127-103-230-230-230z"
            />
          </svg>
        </span>
        <span>
          topRight
        </span>
      </button>
    </div>
  </div>,
  <div
    class="ant-divider ant-divider-horizontal"
    role="separator"
  />,
  <div
    class="ant-space ant-space-horizontal ant-space-align-center"
  >
    <div
      class="ant-space-item"
      style="margin-right: 8px;"
    >
      <button
        class="ant-btn ant-btn-primary"
        type="button"
      >
        <span
          aria-label="radius-bottomleft"
          class="anticon anticon-radius-bottomleft"
          role="img"
        >
          <svg
            aria-hidden="true"
            data-icon="radius-bottomleft"
            fill="currentColor"
            focusable="false"
            height="1em"
            viewBox="64 64 896 896"
            width="1em"
          >
            <path
              d="M712 824h-56c-4.4 0-8 3.6-8 8v56c0 4.4 3.6 8 8 8h56c4.4 0 8-3.6 8-8v-56c0-4.4-3.6-8-8-8zm2-696h-56c-4.4 0-8 3.6-8 8v56c0 4.4 3.6 8 8 8h56c4.4 0 8-3.6 8-8v-56c0-4.4-3.6-8-8-8zM136 374h56c4.4 0 8-3.6 8-8v-56c0-4.4-3.6-8-8-8h-56c-4.4 0-8 3.6-8 8v56c0 4.4 3.6 8 8 8zm0-174h56c4.4 0 8-3.6 8-8v-56c0-4.4-3.6-8-8-8h-56c-4.4 0-8 3.6-8 8v56c0 4.4 3.6 8 8 8zm752 624h-56c-4.4 0-8 3.6-8 8v56c0 4.4 3.6 8 8 8h56c4.4 0 8-3.6 8-8v-56c0-4.4-3.6-8-8-8zm0-174h-56c-4.4 0-8 3.6-8 8v56c0 4.4 3.6 8 8 8h56c4.4 0 8-3.6 8-8v-56c0-4.4-3.6-8-8-8zm0-174h-56c-4.4 0-8 3.6-8 8v56c0 4.4 3.6 8 8 8h56c4.4 0 8-3.6 8-8v-56c0-4.4-3.6-8-8-8zm0-174h-56c-4.4 0-8 3.6-8 8v56c0 4.4 3.6 8 8 8h56c4.4 0 8-3.6 8-8v-56c0-4.4-3.6-8-8-8zm0-174h-56c-4.4 0-8 3.6-8 8v56c0 4.4 3.6 8 8 8h56c4.4 0 8-3.6 8-8v-56c0-4.4-3.6-8-8-8zm-348 0h-56c-4.4 0-8 3.6-8 8v56c0 4.4 3.6 8 8 8h56c4.4 0 8-3.6 8-8v-56c0-4.4-3.6-8-8-8zm-230 72h56c4.4 0 8-3.6 8-8v-56c0-4.4-3.6-8-8-8h-56c-4.4 0-8 3.6-8 8v56c0 4.4 3.6 8 8 8zm230 624H358c-87.3 0-158-70.7-158-158V484c0-4.4-3.6-8-8-8h-56c-4.4 0-8 3.6-8 8v182c0 127 103 230 230 230h182c4.4 0 8-3.6 8-8v-56c0-4.4-3.6-8-8-8z"
            />
          </svg>
        </span>
        <span>
          bottomLeft
        </span>
      </button>
    </div>
    <div
      class="ant-space-item"
    >
      <button
        class="ant-btn ant-btn-primary"
        type="button"
      >
        <span
          aria-label="radius-bottomright"
          class="anticon anticon-radius-bottomright"
          role="img"
        >
          <svg
            aria-hidden="true"
            data-icon="radius-bottomright"
            fill="currentColor"
            focusable="false"
            height="1em"
            viewBox="64 64 896 896"
            width="1em"
          >
            <path
              d="M368 824h-56c-4.4 0-8 3.6-8 8v56c0 4.4 3.6 8 8 8h56c4.4 0 8-3.6 8-8v-56c0-4.4-3.6-8-8-8zm-58-624h56c4.4 0 8-3.6 8-8v-56c0-4.4-3.6-8-8-8h-56c-4.4 0-8 3.6-8 8v56c0 4.4 3.6 8 8 8zm578 102h-56c-4.4 0-8 3.6-8 8v56c0 4.4 3.6 8 8 8h56c4.4 0 8-3.6 8-8v-56c0-4.4-3.6-8-8-8zm0-174h-56c-4.4 0-8 3.6-8 8v56c0 4.4 3.6 8 8 8h56c4.4 0 8-3.6 8-8v-56c0-4.4-3.6-8-8-8zM192 824h-56c-4.4 0-8 3.6-8 8v56c0 4.4 3.6 8 8 8h56c4.4 0 8-3.6 8-8v-56c0-4.4-3.6-8-8-8zm0-174h-56c-4.4 0-8 3.6-8 8v56c0 4.4 3.6 8 8 8h56c4.4 0 8-3.6 8-8v-56c0-4.4-3.6-8-8-8zm0-174h-56c-4.4 0-8 3.6-8 8v56c0 4.4 3.6 8 8 8h56c4.4 0 8-3.6 8-8v-56c0-4.4-3.6-8-8-8zm0-174h-56c-4.4 0-8 3.6-8 8v56c0 4.4 3.6 8 8 8h56c4.4 0 8-3.6 8-8v-56c0-4.4-3.6-8-8-8zm0-174h-56c-4.4 0-8 3.6-8 8v56c0 4.4 3.6 8 8 8h56c4.4 0 8-3.6 8-8v-56c0-4.4-3.6-8-8-8zm292 72h56c4.4 0 8-3.6 8-8v-56c0-4.4-3.6-8-8-8h-56c-4.4 0-8 3.6-8 8v56c0 4.4 3.6 8 8 8zm174 0h56c4.4 0 8-3.6 8-8v-56c0-4.4-3.6-8-8-8h-56c-4.4 0-8 3.6-8 8v56c0 4.4 3.6 8 8 8zm230 276h-56c-4.4 0-8 3.6-8 8v182c0 87.3-70.7 158-158 158H484c-4.4 0-8 3.6-8 8v56c0 4.4 3.6 8 8 8h182c127 0 230-103 230-230V484c0-4.4-3.6-8-8-8z"
            />
          </svg>
        </span>
        <span>
          bottomRight
        </span>
      </button>
    </div>
  </div>,
]
`;

exports[`renders components/notification/demo/render-panel.tsx extend context correctly 1`] = `
<div
  class="ant-notification-notice ant-notification-notice-pure-panel ant-notification-notice-closable"
>
  <div
    class="ant-notification-notice-content"
  >
    <div
      class="ant-notification-notice-with-icon"
      role="alert"
    >
      <span
        aria-label="check-circle"
        class="anticon anticon-check-circle ant-notification-notice-icon ant-notification-notice-icon-success"
        role="img"
      >
        <svg
          aria-hidden="true"
          data-icon="check-circle"
          fill="currentColor"
          focusable="false"
          height="1em"
          viewBox="64 64 896 896"
          width="1em"
        >
          <path
            d="M512 64C264.6 64 64 264.6 64 512s200.6 448 448 448 448-200.6 448-448S759.4 64 512 64zm193.5 301.7l-210.6 292a31.8 31.8 0 01-51.7 0L318.5 484.9c-3.8-5.3 0-12.7 6.5-12.7h46.9c10.2 0 19.9 4.9 25.9 13.3l71.2 98.8 157.2-218c6-8.3 15.6-13.3 25.9-13.3H699c6.5 0 10.3 7.4 6.5 12.7z"
          />
        </svg>
      </span>
      <div
        class="ant-notification-notice-message"
      >
        Hello World!
      </div>
      <div
        class="ant-notification-notice-description"
      >
        Hello World?
      </div>
      <div
        class="ant-notification-notice-btn"
      >
        <button
          class="ant-btn ant-btn-primary ant-btn-sm"
          type="button"
        >
          <span>
            My Button
          </span>
        </button>
      </div>
    </div>
  </div>
  <a
    class="ant-notification-notice-close"
    tabindex="0"
  >
    <span
      class="ant-notification-close-x"
    >
      <span
        aria-label="close"
        class="anticon anticon-close ant-notification-close-icon"
        role="img"
      >
        <svg
          aria-hidden="true"
          data-icon="close"
          fill="currentColor"
          focusable="false"
          height="1em"
          viewBox="64 64 896 896"
          width="1em"
        >
          <path
            d="M563.8 512l262.5-312.9c4.4-5.2.7-13.1-6.1-13.1h-79.8c-4.7 0-9.2 2.1-12.3 5.7L511.6 449.8 295.1 191.7c-3-3.6-7.5-5.7-12.3-5.7H203c-6.8 0-10.5 7.9-6.1 13.1L459.4 512 196.9 824.9A7.95 7.95 0 00203 838h79.8c4.7 0 9.2-2.1 12.3-5.7l216.5-258.1 216.5 258.1c3 3.6 7.5 5.7 12.3 5.7h79.8c6.8 0 10.5-7.9 6.1-13.1L563.8 512z"
          />
        </svg>
      </span>
    </span>
  </a>
</div>
`;

exports[`renders components/notification/demo/update.tsx extend context correctly 1`] = `
<button
  class="ant-btn ant-btn-primary"
  type="button"
>
  <span>
    Open the notification box
  </span>
</button>
`;

exports[`renders components/notification/demo/with-btn.tsx extend context correctly 1`] = `
<button
  class="ant-btn ant-btn-primary"
  type="button"
>
  <span>
    Open the notification box
  </span>
</button>
`;

exports[`renders components/notification/demo/with-icon.tsx extend context correctly 1`] = `
<div
  class="ant-space ant-space-horizontal ant-space-align-center"
>
  <div
    class="ant-space-item"
    style="margin-right: 8px;"
  >
    <button
      class="ant-btn ant-btn-default"
      type="button"
    >
      <span>
        Success
      </span>
    </button>
  </div>
  <div
    class="ant-space-item"
    style="margin-right: 8px;"
  >
    <button
      class="ant-btn ant-btn-default"
      type="button"
    >
      <span>
        Info
      </span>
    </button>
  </div>
  <div
    class="ant-space-item"
    style="margin-right: 8px;"
  >
    <button
      class="ant-btn ant-btn-default"
      type="button"
    >
      <span>
        Warning
      </span>
    </button>
  </div>
  <div
    class="ant-space-item"
  >
    <button
      class="ant-btn ant-btn-default"
      type="button"
    >
      <span>
        Error
      </span>
    </button>
  </div>
</div>
`;
