// Vitest Snapshot v1, https://vitest.dev/guide/snapshot.html

exports[`BackTop > rtl render > component should be rendered correctly in RTL direction 1`] = `null`;
