// Jest Snapshot v1, https://goo.gl/fbAQLP

exports[`Drawer closable is false 1`] = `
<div
  class=""
>
  <div
    class="ant-drawer ant-drawer-right ant-drawer-open"
  >
    <div
      class="ant-drawer-mask"
    />
    <div
      class="ant-drawer-content-wrapper"
    >
      <div
        class="ant-drawer-content"
      >
        <div
          style="overflow: auto; height: 100%; width: 256px;"
        >
          <div
            class="ant-drawer-body"
          >
            Here is content of Drawer
          </div>
        </div>
      </div>
    </div>
  </div>
</div>
`;

exports[`Drawer destroyOnClose is true 1`] = `
<div
  class=""
>
  <div
    class="ant-drawer ant-drawer-right"
  >
    <div
      class="ant-drawer-mask"
    />
    <div
      class="ant-drawer-content-wrapper"
    >
      <div
        class="ant-drawer-content"
      />
    </div>
  </div>
</div>
`;

exports[`Drawer have a title 1`] = `
<div
  class=""
>
  <div
    class="ant-drawer ant-drawer-right ant-drawer-open"
  >
    <div
      class="ant-drawer-mask"
    />
    <div
      class="ant-drawer-content-wrapper"
    >
      <div
        class="ant-drawer-content"
      >
        <div
          style="overflow: auto; height: 100%; width: 256px;"
        >
          <div
            class="ant-drawer-header"
          >
            <div
              class="ant-drawer-title"
            >
              Test Title
            </div>
          </div>
          <button
            aria-label="Close"
            class="ant-drawer-close"
          >
            <span
              class="ant-drawer-close-x"
            />
          </button>
          <div
            class="ant-drawer-body"
          >
            Here is content of Drawer
          </div>
        </div>
      </div>
    </div>
  </div>
</div>
`;

exports[`Drawer render correctly 1`] = `
<div
  class=""
>
  <div
    class="ant-drawer ant-drawer-right ant-drawer-open"
  >
    <div
      class="ant-drawer-mask"
    />
    <div
      class="ant-drawer-content-wrapper"
    >
      <div
        class="ant-drawer-content"
      >
        <div
          style="overflow: auto; height: 100%; width: 400px;"
        >
          <button
            aria-label="Close"
            class="ant-drawer-close"
          >
            <span
              class="ant-drawer-close-x"
            />
          </button>
          <div
            class="ant-drawer-body"
          >
            Here is content of Drawer
          </div>
        </div>
      </div>
    </div>
  </div>
</div>
`;
