// Jest Snapshot v1, https://goo.gl/fbAQLP

exports[`Popconfirm should show overlay when trigger is clicked 1`] = `"<div class=\\"ant-popover-content\\"><div class=\\"ant-popover-arrow\\"></div><div class=\\"ant-popover-inner\\"><div><div class=\\"ant-popover-inner-content\\"><div class=\\"ant-popover-message\\"><i class=\\"anticon anticon-exclamation-circle\\"><svg class=\\"\\" data-icon=\\"exclamation-circle\\" viewBox=\\"0 0 1024 1024\\" width=\\"1em\\" height=\\"1em\\" fill=\\"currentColor\\" aria-hidden=\\"true\\"><path d=\\"M512 0C229.2 0 0 229.2 0 512s229.2 512 512 512 512-229.2 512-512S794.8 0 512 0zm-40 231c0-22.1 17.9-40 40-40s40 17.9 40 40v369c0 22.1-17.9 40-40 40s-40-17.9-40-40V231zm40 563c-24.9 0-45-20.1-45-45s20.1-45 45-45 45 20.1 45 45c0 24.8-20.1 45-45 45z\\"></path></svg></i><div class=\\"ant-popover-message-title\\">code</div></div><div class=\\"ant-popover-buttons\\"><button type=\\"button\\" class=\\"ant-btn ant-btn-sm\\"><span>Cancel</span></button><button type=\\"button\\" class=\\"ant-btn ant-btn-primary ant-btn-sm\\"><span>OK</span></button></div></div></div></div></div>"`;

exports[`Popconfirm should show overlay when trigger is clicked 2`] = `"<div class=\\"ant-popover-content\\"><div class=\\"ant-popover-arrow\\"></div><div class=\\"ant-popover-inner\\"><div><div class=\\"ant-popover-inner-content\\"><div class=\\"ant-popover-message\\"><i class=\\"anticon anticon-exclamation-circle\\"><svg class=\\"\\" data-icon=\\"exclamation-circle\\" viewBox=\\"0 0 1024 1024\\" width=\\"1em\\" height=\\"1em\\" fill=\\"currentColor\\" aria-hidden=\\"true\\"><path d=\\"M512 0C229.2 0 0 229.2 0 512s229.2 512 512 512 512-229.2 512-512S794.8 0 512 0zm-40 231c0-22.1 17.9-40 40-40s40 17.9 40 40v369c0 22.1-17.9 40-40 40s-40-17.9-40-40V231zm40 563c-24.9 0-45-20.1-45-45s20.1-45 45-45 45 20.1 45 45c0 24.8-20.1 45-45 45z\\"></path></svg></i><div class=\\"ant-popover-message-title\\">code</div></div><div class=\\"ant-popover-buttons\\"><button type=\\"button\\" class=\\"ant-btn ant-btn-sm\\"><span>Cancel</span></button><button type=\\"button\\" class=\\"ant-btn ant-btn-primary ant-btn-sm\\"><span>OK</span></button></div></div></div></div></div>"`;
