exports[`TimePicker renders addon correctly 1`] = `
<div
  class="ant-time-picker-panel-addon">
  <button>
    Ok
  </button>
</div>
`;
